// Jest Snapshot v1, https://goo.gl/fbAQLP

exports[`App container should render 1`] = `ShallowWrapper {}`;
